// Jest Snapshot v1, https://goo.gl/fbAQLP

exports[`Header component matches snapshot DOM node structure 1`] = `
<DocumentFragment>
  <header
    class="head"
  >
    <nav>
      <div
        class="row"
      >
        <div
          class="col title"
        >
          <button
            class="btn-primary"
          >
            Categories
          </button>
          <ul
            class="cats"
            id="catBtn"
          >
            <li>
              <a
                href="/auto"
              >
                Auto
              </a>
            </li>
            <li>
              <a
                href="/clothing"
              >
                Clothing
              </a>
            </li>
            <li>
              <a
                href="/household"
              >
                Household
              </a>
            </li>
            <li>
              <a
                href="/outdoor"
              >
                Outdoor
              </a>
            </li>
            <li>
              <a
                href="/tech"
              >
                Tech
              </a>
            </li>
          </ul>
        </div>
        <div
          class="col"
        >
          <a
            href="/"
          >
            <span
              aria-label="img-name"
              role="img"
            >
              <img
                alt="logo"
                class="photo"
                id="logo"
                src="Hawker.svg"
              />
            </span>
          </a>
          <form
            class="d-flex"
          >
            <input
              aria-label="Search"
              class="me-2 formField form-control"
              placeholder="Search"
              type="search"
            />
            <button
              class="btn-primary"
            >
              Search
            </button>
          </form>
        </div>
        <div
          class="col"
        >
          <a
            href="/login"
          >
            <button
              class="btn-primary"
            >
              Login
            </button>
          </a>
        </div>
      </div>
    </nav>
  </header>
</DocumentFragment>
`;
