// Jest Snapshot v1, https://goo.gl/fbAQLP

exports[`Tech component matches snapshot DOM node structure 1`] = `
<DocumentFragment>
  <div>
    <div
      class="title"
    >
      Tech
    </div>
    <div
      class="itemContainer"
    >
      <div
        class="card"
      >
        <img
          alt="Computer Speakers"
          category="tech"
          class="card-img-top"
          description=""
          src="../../../assets/images/tech/computer-speaker.jpg"
          title="Computer Speakers"
          width="100%"
        />
        <div
          class="card-body"
        >
          <h5
            class="card-title"
          >
            Computer Speakers
          </h5>
          <p
            class="card-text"
          >
            tech
          </p>
          <a
            class="btn btn-primary"
            href="#"
            type="button"
          >
            Check it out!
          </a>
        </div>
      </div>
      <div
        class="card"
      >
        <img
          alt="PC Cooler Fan"
          category="tech"
          class="card-img-top"
          description=""
          src="../../../assets/images/tech/cooler.jpg"
          title="PC Cooler Fan"
          width="100%"
        />
        <div
          class="card-body"
        >
          <h5
            class="card-title"
          >
            PC Cooler Fan
          </h5>
          <p
            class="card-text"
          >
            tech
          </p>
          <a
            class="btn btn-primary"
            href="#"
            type="button"
          >
            Check it out!
          </a>
        </div>
      </div>
      <div
        class="card"
      >
        <img
          alt="Cryorig Cooler"
          category="tech"
          class="card-img-top"
          description=""
          src="../../../assets/images/tech/cryorig-cooler.jpg"
          title="Cryorig Cooler"
          width="100%"
        />
        <div
          class="card-body"
        >
          <h5
            class="card-title"
          >
            Cryorig Cooler
          </h5>
          <p
            class="card-text"
          >
            tech
          </p>
          <a
            class="btn btn-primary"
            href="#"
            type="button"
          >
            Check it out!
          </a>
        </div>
      </div>
      <div
        class="card"
      >
        <img
          alt="Keyboard and Mouse"
          category="tech"
          class="card-img-top"
          description=""
          src="../../../assets/images/tech/keyboard_mouse.jpg"
          title="Keyboard and Mouse"
          width="100%"
        />
        <div
          class="card-body"
        >
          <h5
            class="card-title"
          >
            Keyboard and Mouse
          </h5>
          <p
            class="card-text"
          >
            tech
          </p>
          <a
            class="btn btn-primary"
            href="#"
            type="button"
          >
            Check it out!
          </a>
        </div>
      </div>
      <div
        class="card"
      >
        <img
          alt="MSI 3080 gpu"
          category="tech"
          class="card-img-top"
          description=""
          src="../../../assets/images/tech/MSI_3080.jpg"
          title="MSI 3080 gpu"
          width="100%"
        />
        <div
          class="card-body"
        >
          <h5
            class="card-title"
          >
            MSI 3080 gpu
          </h5>
          <p
            class="card-text"
          >
            tech
          </p>
          <a
            class="btn btn-primary"
            href="#"
            type="button"
          >
            Check it out!
          </a>
        </div>
      </div>
      <div
        class="card"
      >
        <img
          alt="Red and Black gpu"
          category="tech"
          class="card-img-top"
          description=""
          src="../../../assets/images/tech/red_black_gpu.jpg"
          title="Red and Black gpu"
          width="100%"
        />
        <div
          class="card-body"
        >
          <h5
            class="card-title"
          >
            Red and Black gpu
          </h5>
          <p
            class="card-text"
          >
            tech
          </p>
          <a
            class="btn btn-primary"
            href="#"
            type="button"
          >
            Check it out!
          </a>
        </div>
      </div>
      <div
        class="card"
      >
        <img
          alt="RGB Fan"
          category="tech"
          class="card-img-top"
          description=""
          src="../../../assets/images/tech/rgb_fan.jpg"
          title="RGB Fan"
          width="100%"
        />
        <div
          class="card-body"
        >
          <h5
            class="card-title"
          >
            RGB Fan
          </h5>
          <p
            class="card-text"
          >
            tech
          </p>
          <a
            class="btn btn-primary"
            href="#"
            type="button"
          >
            Check it out!
          </a>
        </div>
      </div>
      <div
        class="card"
      >
        <img
          alt="RGB Keyboard"
          category="tech"
          class="card-img-top"
          description=""
          src="../../../assets/images/tech/rgb_keyboard.jpg"
          title="RGB Keyboard"
          width="100%"
        />
        <div
          class="card-body"
        >
          <h5
            class="card-title"
          >
            RGB Keyboard
          </h5>
          <p
            class="card-text"
          >
            tech
          </p>
          <a
            class="btn btn-primary"
            href="#"
            type="button"
          >
            Check it out!
          </a>
        </div>
      </div>
      <div
        class="card"
      >
        <img
          alt="Speaker Set"
          category="tech"
          class="card-img-top"
          description=""
          src="../../../assets/images/tech/speaker_set.jpg"
          title="Speaker Set"
          width="100%"
        />
        <div
          class="card-body"
        >
          <h5
            class="card-title"
          >
            Speaker Set
          </h5>
          <p
            class="card-text"
          >
            tech
          </p>
          <a
            class="btn btn-primary"
            href="#"
            type="button"
          >
            Check it out!
          </a>
        </div>
      </div>
      <div
        class="card"
      >
        <img
          alt="Wooden Speakers"
          category="tech"
          class="card-img-top"
          description=""
          src="../../../assets/images/tech/wooden_speakers.jpg"
          title="Wooden Speakers"
          width="100%"
        />
        <div
          class="card-body"
        >
          <h5
            class="card-title"
          >
            Wooden Speakers
          </h5>
          <p
            class="card-text"
          >
            tech
          </p>
          <a
            class="btn btn-primary"
            href="#"
            type="button"
          >
            Check it out!
          </a>
        </div>
      </div>
    </div>
  </div>
</DocumentFragment>
`;
