// Jest Snapshot v1, https://goo.gl/fbAQLP

exports[`Outdoor component matches snapshot DOM node structure 1`] = `
<DocumentFragment>
  <div>
    <div
      class="title"
    >
      Outdoor
    </div>
    <div
      class="itemContainer"
    >
      <div
        class="card"
      >
        <img
          alt="Black Egg Outdoor Chair"
          category="outdoor"
          class="card-img-top"
          description=""
          src="../../../assets/images/outdoor/acapulco-black-egg-outdoor-chair.jpg"
          title="Black Egg Outdoor Chair"
          width="100%"
        />
        <div
          class="card-body"
        >
          <h5
            class="card-title"
          >
            Black Egg Outdoor Chair
          </h5>
          <p
            class="card-text"
          >
            outdoor
          </p>
          <p
            class="card-text"
          />
          <a
            class="btn btn-primary"
            href="#"
            type="button"
          >
            Purchase
          </a>
        </div>
      </div>
      <div
        class="card"
      >
        <img
          alt="Outdoor Lights"
          category="outdoor"
          class="card-img-top"
          description=""
          src="../../../assets/images/outdoor/outdoor_lights.jpg"
          title="Outdoor Lights"
          width="100%"
        />
        <div
          class="card-body"
        >
          <h5
            class="card-title"
          >
            Outdoor Lights
          </h5>
          <p
            class="card-text"
          >
            outdoor
          </p>
          <p
            class="card-text"
          />
          <a
            class="btn btn-primary"
            href="#"
            type="button"
          >
            Purchase
          </a>
        </div>
      </div>
      <div
        class="card"
      >
        <img
          alt="Path Lights"
          category="outdoor"
          class="card-img-top"
          description=""
          src="../../../assets/images/outdoor/path_lights.jpg"
          title="Path Lights"
          width="100%"
        />
        <div
          class="card-body"
        >
          <h5
            class="card-title"
          >
            Path Lights
          </h5>
          <p
            class="card-text"
          >
            outdoor
          </p>
          <p
            class="card-text"
          />
          <a
            class="btn btn-primary"
            href="#"
            type="button"
          >
            Purchase
          </a>
        </div>
      </div>
      <div
        class="card"
      >
        <img
          alt="Patio Chair Set"
          category="outdoor"
          class="card-img-top"
          description=""
          src="../../../assets/images/outdoor/patio_chair_set.jpeg"
          title="Patio Chair Set"
          width="100%"
        />
        <div
          class="card-body"
        >
          <h5
            class="card-title"
          >
            Patio Chair Set
          </h5>
          <p
            class="card-text"
          >
            outdoor
          </p>
          <p
            class="card-text"
          />
          <a
            class="btn btn-primary"
            href="#"
            type="button"
          >
            Purchase
          </a>
        </div>
      </div>
      <div
        class="card"
      >
        <img
          alt="Patio Set"
          category="outdoor"
          class="card-img-top"
          description=""
          src="../../../assets/images/outdoor/patio_set.jpg"
          title="Patio Set"
          width="100%"
        />
        <div
          class="card-body"
        >
          <h5
            class="card-title"
          >
            Patio Set
          </h5>
          <p
            class="card-text"
          >
            outdoor
          </p>
          <p
            class="card-text"
          />
          <a
            class="btn btn-primary"
            href="#"
            type="button"
          >
            Purchase
          </a>
        </div>
      </div>
      <div
        class="card"
      >
        <img
          alt="Pool Chair"
          category="outdoor"
          class="card-img-top"
          description=""
          src="../../../assets/images/outdoor/pool_chair.jpg"
          title="Pool Chair"
          width="100%"
        />
        <div
          class="card-body"
        >
          <h5
            class="card-title"
          >
            Pool Chair
          </h5>
          <p
            class="card-text"
          >
            outdoor
          </p>
          <p
            class="card-text"
          />
          <a
            class="btn btn-primary"
            href="#"
            type="button"
          >
            Purchase
          </a>
        </div>
      </div>
      <div
        class="card"
      >
        <img
          alt="Pool Set"
          category="outdoor"
          class="card-img-top"
          description=""
          src="../../../assets/images/outdoor/pool_set.jpg"
          title="Pool Set"
          width="100%"
        />
        <div
          class="card-body"
        >
          <h5
            class="card-title"
          >
            Pool Set
          </h5>
          <p
            class="card-text"
          >
            outdoor
          </p>
          <p
            class="card-text"
          />
          <a
            class="btn btn-primary"
            href="#"
            type="button"
          >
            Purchase
          </a>
        </div>
      </div>
      <div
        class="card"
      >
        <img
          alt="Rotisserie"
          category="outdoor"
          class="card-img-top"
          description=""
          src="../../../assets/images/outdoor/rotisserie.jpg"
          title="Rotisserie"
          width="100%"
        />
        <div
          class="card-body"
        >
          <h5
            class="card-title"
          >
            Rotisserie
          </h5>
          <p
            class="card-text"
          >
            outdoor
          </p>
          <p
            class="card-text"
          />
          <a
            class="btn btn-primary"
            href="#"
            type="button"
          >
            Purchase
          </a>
        </div>
      </div>
      <div
        class="card"
      >
        <img
          alt="Smoker"
          category="outdoor"
          class="card-img-top"
          description=""
          src="../../../assets/images/outdoor/smoker.jpg"
          title="Smoker"
          width="100%"
        />
        <div
          class="card-body"
        >
          <h5
            class="card-title"
          >
            Smoker
          </h5>
          <p
            class="card-text"
          >
            outdoor
          </p>
          <p
            class="card-text"
          />
          <a
            class="btn btn-primary"
            href="#"
            type="button"
          >
            Purchase
          </a>
        </div>
      </div>
      <div
        class="card"
      >
        <img
          alt="Swing Chair"
          category="outdoor"
          class="card-img-top"
          description=""
          src="../../../assets/images/outdoor/swing_chair.jpg"
          title="Swing Chair"
          width="100%"
        />
        <div
          class="card-body"
        >
          <h5
            class="card-title"
          >
            Swing Chair
          </h5>
          <p
            class="card-text"
          >
            outdoor
          </p>
          <p
            class="card-text"
          />
          <a
            class="btn btn-primary"
            href="#"
            type="button"
          >
            Purchase
          </a>
        </div>
      </div>
    </div>
  </div>
</DocumentFragment>
`;
