// Jest Snapshot v1, https://goo.gl/fbAQLP

exports[`Auto component matches snapshot DOM node structure 1`] = `
<DocumentFragment>
  <div>
    <div
      class="title"
    >
      Auto
    </div>
    <div
      class="itemContainer"
    >
      <div
        class="card"
      >
        <img
          alt="Black Car"
          category="auto"
          class="card-img-top"
          description="A cool new black car for you!"
          src="../../../assets/images/auto/black_car.jpg"
          title="Black Car"
          width="100%"
        />
        <div
          class="card-body"
        >
          <h5
            class="card-title"
          >
            Black Car
          </h5>
          <p
            class="card-text"
          >
            auto
          </p>
          <p
            class="card-text"
          >
            A cool new black car for you!
          </p>
          <a
            class="btn btn-primary"
            href="#"
            type="button"
          >
            Purchase
          </a>
        </div>
      </div>
      <div
        class="card"
      >
        <img
          alt="Car Cover"
          category="auto"
          class="card-img-top"
          description=""
          src="../../../assets/images/auto/car_cover.jpg"
          title="Car Cover"
          width="100%"
        />
        <div
          class="card-body"
        >
          <h5
            class="card-title"
          >
            Car Cover
          </h5>
          <p
            class="card-text"
          >
            auto
          </p>
          <p
            class="card-text"
          />
          <a
            class="btn btn-primary"
            href="#"
            type="button"
          >
            Purchase
          </a>
        </div>
      </div>
      <div
        class="card"
      >
        <img
          alt="Car Jack"
          category="auto"
          class="card-img-top"
          description=""
          src="../../../assets/images/auto/car_jack.jpg"
          title="Car Jack"
          width="100%"
        />
        <div
          class="card-body"
        >
          <h5
            class="card-title"
          >
            Car Jack
          </h5>
          <p
            class="card-text"
          >
            auto
          </p>
          <p
            class="card-text"
          />
          <a
            class="btn btn-primary"
            href="#"
            type="button"
          >
            Purchase
          </a>
        </div>
      </div>
      <div
        class="card"
      >
        <img
          alt="Car Vacuum"
          category="auto"
          class="card-img-top"
          description=""
          src="../../../assets/images/auto/car_vacuum.jpg"
          title="Car Vacuum"
          width="100%"
        />
        <div
          class="card-body"
        >
          <h5
            class="card-title"
          >
            Car Vacuum
          </h5>
          <p
            class="card-text"
          >
            auto
          </p>
          <p
            class="card-text"
          />
          <a
            class="btn btn-primary"
            href="#"
            type="button"
          >
            Purchase
          </a>
        </div>
      </div>
      <div
        class="card"
      >
        <img
          alt="Child Car Seat"
          category="auto"
          class="card-img-top"
          description=""
          src="../../../assets/images/auto/child-car-seat.jpg"
          title="Child Car Seat"
          width="100%"
        />
        <div
          class="card-body"
        >
          <h5
            class="card-title"
          >
            Child Car Seat
          </h5>
          <p
            class="card-text"
          >
            auto
          </p>
          <p
            class="card-text"
          />
          <a
            class="btn btn-primary"
            href="#"
            type="button"
          >
            Purchase
          </a>
        </div>
      </div>
      <div
        class="card"
      >
        <img
          alt="Fuzzy Pink Accesories"
          category="auto"
          class="card-img-top"
          description=""
          src="../../../assets/images/auto/fuzzy_pink_accesories.jpg"
          title="Fuzzy Pink Accesories"
          width="100%"
        />
        <div
          class="card-body"
        >
          <h5
            class="card-title"
          >
            Fuzzy Pink Accesories
          </h5>
          <p
            class="card-text"
          >
            auto
          </p>
          <p
            class="card-text"
          />
          <a
            class="btn btn-primary"
            href="#"
            type="button"
          >
            Purchase
          </a>
        </div>
      </div>
      <div
        class="card"
      >
        <img
          alt="Jacks"
          category="auto"
          class="card-img-top"
          description=""
          src="../../../assets/images/auto/Jack-Side-by-Side.jpg"
          title="Jacks"
          width="100%"
        />
        <div
          class="card-body"
        >
          <h5
            class="card-title"
          >
            Jacks
          </h5>
          <p
            class="card-text"
          >
            auto
          </p>
          <p
            class="card-text"
          />
          <a
            class="btn btn-primary"
            href="#"
            type="button"
          >
            Purchase
          </a>
        </div>
      </div>
      <div
        class="card"
      >
        <img
          alt="Minivan"
          category="auto"
          class="card-img-top"
          description=""
          src="../../../assets/images/auto/minivan.jpg"
          title="Minivan"
          width="100%"
        />
        <div
          class="card-body"
        >
          <h5
            class="card-title"
          >
            Minivan
          </h5>
          <p
            class="card-text"
          >
            auto
          </p>
          <p
            class="card-text"
          />
          <a
            class="btn btn-primary"
            href="#"
            type="button"
          >
            Purchase
          </a>
        </div>
      </div>
      <div
        class="card"
      >
        <img
          alt="Silver Car"
          category="auto"
          class="card-img-top"
          description=""
          src="../../../assets/images/auto/silver_car.jpg"
          title="Silver Car"
          width="100%"
        />
        <div
          class="card-body"
        >
          <h5
            class="card-title"
          >
            Silver Car
          </h5>
          <p
            class="card-text"
          >
            auto
          </p>
          <p
            class="card-text"
          />
          <a
            class="btn btn-primary"
            href="#"
            type="button"
          >
            Purchase
          </a>
        </div>
      </div>
      <div
        class="card"
      >
        <img
          alt="Slightly Used Car"
          category="auto"
          class="card-img-top"
          description=""
          src="../../../assets/images/auto/slightly_used.png"
          title="Slightly Used Car"
          width="100%"
        />
        <div
          class="card-body"
        >
          <h5
            class="card-title"
          >
            Slightly Used Car
          </h5>
          <p
            class="card-text"
          >
            auto
          </p>
          <p
            class="card-text"
          />
          <a
            class="btn btn-primary"
            href="#"
            type="button"
          >
            Purchase
          </a>
        </div>
      </div>
    </div>
  </div>
</DocumentFragment>
`;
