// Jest Snapshot v1, https://goo.gl/fbAQLP

exports[`Household component matches snapshot DOM node structure 1`] = `
<DocumentFragment>
  <div>
    <div
      class="title"
    >
      Household
    </div>
    <div
      class="itemContainer"
    >
      <div
        class="card"
      >
        <img
          alt="Big Lamp"
          category="household"
          class="card-img-top"
          description=""
          src="../../../assets/images/household/big_lamp.jpeg"
          title="Big Lamp"
          width="100%"
        />
        <div
          class="card-body"
        >
          <h5
            class="card-title"
          >
            Big Lamp
          </h5>
          <p
            class="card-text"
          >
            household
          </p>
          <p
            class="card-text"
          />
          <a
            class="btn btn-primary"
            href="#"
            type="button"
          >
            Purchase
          </a>
        </div>
      </div>
      <div
        class="card"
      >
        <img
          alt="Blue Chair"
          category="household"
          class="card-img-top"
          description=""
          src="../../../assets/images/household/blue_chair.jpg"
          title="Blue Chair"
          width="100%"
        />
        <div
          class="card-body"
        >
          <h5
            class="card-title"
          >
            Blue Chair
          </h5>
          <p
            class="card-text"
          >
            household
          </p>
          <p
            class="card-text"
          />
          <a
            class="btn btn-primary"
            href="#"
            type="button"
          >
            Purchase
          </a>
        </div>
      </div>
      <div
        class="card"
      >
        <img
          alt="Bookshelf"
          category="household"
          class="card-img-top"
          description=""
          src="../../../assets/images/household/bookshelf.jpg"
          title="Bookshelf"
          width="100%"
        />
        <div
          class="card-body"
        >
          <h5
            class="card-title"
          >
            Bookshelf
          </h5>
          <p
            class="card-text"
          >
            household
          </p>
          <p
            class="card-text"
          />
          <a
            class="btn btn-primary"
            href="#"
            type="button"
          >
            Purchase
          </a>
        </div>
      </div>
      <div
        class="card"
      >
        <img
          alt="Colander"
          category="household"
          class="card-img-top"
          description=""
          src="../../../assets/images/household/colander.jpg"
          title="Colander"
          width="100%"
        />
        <div
          class="card-body"
        >
          <h5
            class="card-title"
          >
            Colander
          </h5>
          <p
            class="card-text"
          >
            household
          </p>
          <p
            class="card-text"
          />
          <a
            class="btn btn-primary"
            href="#"
            type="button"
          >
            Purchase
          </a>
        </div>
      </div>
      <div
        class="card"
      >
        <img
          alt="Comfy Chair"
          category="household"
          class="card-img-top"
          description=""
          src="../../../assets/images/household/comfy_chair.jpeg"
          title="Comfy Chair"
          width="100%"
        />
        <div
          class="card-body"
        >
          <h5
            class="card-title"
          >
            Comfy Chair
          </h5>
          <p
            class="card-text"
          >
            household
          </p>
          <p
            class="card-text"
          />
          <a
            class="btn btn-primary"
            href="#"
            type="button"
          >
            Purchase
          </a>
        </div>
      </div>
      <div
        class="card"
      >
        <img
          alt="Couch"
          category="household"
          class="card-img-top"
          description=""
          src="../../../assets/images/household/couch.jpg"
          title="Couch"
          width="100%"
        />
        <div
          class="card-body"
        >
          <h5
            class="card-title"
          >
            Couch
          </h5>
          <p
            class="card-text"
          >
            household
          </p>
          <p
            class="card-text"
          />
          <a
            class="btn btn-primary"
            href="#"
            type="button"
          >
            Purchase
          </a>
        </div>
      </div>
      <div
        class="card"
      >
        <img
          alt="Lamp"
          category="household"
          class="card-img-top"
          description=""
          src="../../../assets/images/household/lamp.jpg"
          title="Lamp"
          width="100%"
        />
        <div
          class="card-body"
        >
          <h5
            class="card-title"
          >
            Lamp
          </h5>
          <p
            class="card-text"
          >
            household
          </p>
          <p
            class="card-text"
          />
          <a
            class="btn btn-primary"
            href="#"
            type="button"
          >
            Purchase
          </a>
        </div>
      </div>
      <div
        class="card"
      >
        <img
          alt="Standing Light"
          category="household"
          class="card-img-top"
          description=""
          src="../../../assets/images/household/standing_light.jpg"
          title="Standing Light"
          width="100%"
        />
        <div
          class="card-body"
        >
          <h5
            class="card-title"
          >
            Standing Light
          </h5>
          <p
            class="card-text"
          >
            household
          </p>
          <p
            class="card-text"
          />
          <a
            class="btn btn-primary"
            href="#"
            type="button"
          >
            Purchase
          </a>
        </div>
      </div>
      <div
        class="card"
      >
        <img
          alt="Vacuum"
          category="household"
          class="card-img-top"
          description=""
          src="../../../assets/images/household/vacuum.jpg"
          title="Vacuum"
          width="100%"
        />
        <div
          class="card-body"
        >
          <h5
            class="card-title"
          >
            Vacuum
          </h5>
          <p
            class="card-text"
          >
            household
          </p>
          <p
            class="card-text"
          />
          <a
            class="btn btn-primary"
            href="#"
            type="button"
          >
            Purchase
          </a>
        </div>
      </div>
      <div
        class="card"
      >
        <img
          alt="Wooden Spoons"
          category="household"
          class="card-img-top"
          description=""
          src="../../../assets/images/household/wooden_spoons.jpg"
          title="Wooden Spoons"
          width="100%"
        />
        <div
          class="card-body"
        >
          <h5
            class="card-title"
          >
            Wooden Spoons
          </h5>
          <p
            class="card-text"
          >
            household
          </p>
          <p
            class="card-text"
          />
          <a
            class="btn btn-primary"
            href="#"
            type="button"
          >
            Purchase
          </a>
        </div>
      </div>
    </div>
  </div>
</DocumentFragment>
`;
